Running: ruff format --check .
20 files already formatted
Running: ruff check .
All checks passed!
Running: lint-imports --no-cache
=============
Import Linter
=============


---------
Contracts
---------

Analyzed 28 files, 33 dependencies.
-----------------------------------

Domain and routing remain independent KEPT
Core logic does not depend on application or adapters KEPT
Application owns contracts rather than concrete adapters KEPT
Web cannot access concrete persistence or composition KEPT
Worker and shared composition cannot pull in the web KEPT

Contracts: 5 kept, 0 broken.
Running: tach check
[OK] All modules validated!
Running: $WORKSPACE\working\.venv\Scripts\python.exe -m unittest discover -s tests -p test_*.py
$WORKSPACE\working\.venv\Lib\site-packages\fastapi\testclient.py:1: StarletteDeprecationWarning: Using `httpx` with `starlette.testclient` is deprecated; install `httpx2` instead.
  from starlette.testclient import TestClient as TestClient  # noqa
...E$WORKSPACE\working\.venv\Lib\site-packages\yoyo\backends\base.py:411: DeprecationWarning: The default datetime adapter is deprecated as of Python 3.12; see the sqlite3 documentation for suggested replacement recipes
  cursor.execute(sql, queryparams)
...........
======================================================================
ERROR: test_snapshot_exposes_contracts_and_adapter_edges (test_architecture_snapshot.ArchitectureSnapshotTest.test_snapshot_exposes_contracts_and_adapter_edges)
----------------------------------------------------------------------
Traceback (most recent call last):
  File "$WORKSPACE\working\tests\test_architecture_snapshot.py", line 26, in test_snapshot_exposes_contracts_and_adapter_edges
    new = {**old, "imports": old["imports"] + [{"source": "example", "target": "sqlite3"}]}
                             ~~~~~~~~~~~~~~~^~~~~~~~~~~~~~~~~~~~~~~~~~~~~~~~~~~~~~~~~~~~~~
TypeError: can only concatenate tuple (not "list") to tuple

----------------------------------------------------------------------
Ran 15 tests in 5.207s

FAILED (errors=1)
