Running: ruff format --check .
91 files already formatted
Running: ruff check .
All checks passed!
Running: lint-imports --no-cache
=============
Import Linter
=============


---------
Contracts
---------

Analyzed 96 files, 408 dependencies.
------------------------------------

Domain and routing remain independent KEPT
Core logic does not depend on application or adapters KEPT
Application owns contracts rather than concrete adapters KEPT
Web cannot access concrete persistence or composition KEPT
Worker and shared composition cannot pull in the web KEPT

Contracts: 5 kept, 0 broken.
Running: tach check
[OK] All modules validated!
Running: WORKSPACE\extras\der-checkouts\vs2-interaction\.venv\Scripts\python.exe -m unittest discover -s tests -p test_*.py
WORKSPACE\extras\der-checkouts\vs2-interaction\.venv\Lib\site-packages\fastapi\testclient.py:1: StarletteDeprecationWarning: Using `httpx` with `starlette.testclient` is deprecated; install `httpx2` instead.
  from starlette.testclient import TestClient as TestClient  # noqa
WORKSPACE\extras\der-checkouts\vs2-interaction\.venv\Lib\site-packages\yoyo\backends\base.py:411: DeprecationWarning: The default datetime adapter is deprecated as of Python 3.12; see the sqlite3 documentation for suggested replacement recipes
  cursor.execute(sql, queryparams)
................FEEE......................................................................................................................................................
======================================================================
ERROR: test_corrupt_projection_and_incorrect_delta_are_not_presented (test_architecture_view.ArchitectureViewTest.test_corrupt_projection_and_incorrect_delta_are_not_presented)
----------------------------------------------------------------------
Traceback (most recent call last):
  File "WORKSPACE\extras\der-checkouts\vs2-interaction\tests\test_architecture_view.py", line 48, in test_corrupt_projection_and_incorrect_delta_are_not_presented
    digest = self.view.publish(value, value)
             ^^^^^^^^^^^^^^^^^^^^^^^^^^^^^^^
  File "WORKSPACE\extras\der-checkouts\vs2-interaction\src\semantic_reviewer\adapters\architecture_projection.py", line 39, in publish
    _validate(before)
  File "WORKSPACE\extras\der-checkouts\vs2-interaction\src\semantic_reviewer\adapters\architecture_projection.py", line 22, in _validate
    raise ValueError("Snapshot lacks typed architecture records.")
ValueError: Snapshot lacks typed architecture records.

======================================================================
ERROR: test_exact_pair_and_behaviour_only_change_have_distinct_freshness (test_architecture_view.ArchitectureViewTest.test_exact_pair_and_behaviour_only_change_have_distinct_freshness)
----------------------------------------------------------------------
Traceback (most recent call last):
  File "WORKSPACE\extras\der-checkouts\vs2-interaction\tests\test_architecture_view.py", line 34, in test_exact_pair_and_behaviour_only_change_have_distinct_freshness
    digest = self.view.publish(before, before)
             ^^^^^^^^^^^^^^^^^^^^^^^^^^^^^^^^^
  File "WORKSPACE\extras\der-checkouts\vs2-interaction\src\semantic_reviewer\adapters\architecture_projection.py", line 39, in publish
    _validate(before)
  File "WORKSPACE\extras\der-checkouts\vs2-interaction\src\semantic_reviewer\adapters\architecture_projection.py", line 22, in _validate
    raise ValueError("Snapshot lacks typed architecture records.")
ValueError: Snapshot lacks typed architecture records.

======================================================================
ERROR: test_newline_normalisation_but_lock_or_template_changes_affect_fingerprint (test_architecture_view.ArchitectureViewTest.test_newline_normalisation_but_lock_or_template_changes_affect_fingerprint)
----------------------------------------------------------------------
Traceback (most recent call last):
  File "WORKSPACE\extras\der-checkouts\vs2-interaction\tests\test_architecture_view.py", line 76, in test_newline_normalisation_but_lock_or_template_changes_affect_fingerprint
    self.view.publish(value, value)
  File "WORKSPACE\extras\der-checkouts\vs2-interaction\src\semantic_reviewer\adapters\architecture_projection.py", line 39, in publish
    _validate(before)
  File "WORKSPACE\extras\der-checkouts\vs2-interaction\src\semantic_reviewer\adapters\architecture_projection.py", line 22, in _validate
    raise ValueError("Snapshot lacks typed architecture records.")
ValueError: Snapshot lacks typed architecture records.

======================================================================
FAIL: test_browser_labels_missing_fresh_and_stale_views (test_architecture_view.ArchitectureViewTest.test_browser_labels_missing_fresh_and_stale_views)
----------------------------------------------------------------------
Traceback (most recent call last):
  File "WORKSPACE\extras\der-checkouts\vs2-interaction\tests\test_architecture_view.py", line 64, in test_browser_labels_missing_fresh_and_stale_views
    self.assertIn("No architecture projection", client.get("/architecture").text)
AssertionError: 'No architecture projection' not found in 'Invalid host header'

----------------------------------------------------------------------
Ran 170 tests in 73.021s

FAILED (failures=1, errors=3)
