WORKSPACE\extras\der-checkouts\vs2-rules\.venv\Lib\site-packages\fastapi\testclient.py:1: StarletteDeprecationWarning: Using `httpx` with `starlette.testclient` is deprecated; install `httpx2` instead.
  from starlette.testclient import TestClient as TestClient  # noqa
Traceback (most recent call last):
  File "WORKSPACE\extras\der-evidence\vs2-rules\r1\live_synthesis.py", line 32, in <module>
    embedded, _ = test.embed()
                  ^^^^^^^^^^^^
  File "WORKSPACE\extras\der-checkouts\vs2-rules\tests\test_discovery.py", line 83, in embed
    selection = self.selection()
                ^^^^^^^^^^^^^^^^
  File "WORKSPACE\extras\der-checkouts\vs2-rules\tests\test_discovery.py", line 80, in selection
    return self.selections.freeze(test_selections.SelectionsTest.request(self, *annotations))
           ^^^^^^^^^^^^^^^^^^^^^^^^^^^^^^^^^^^^^^^^^^^^^^^^^^^^^^^^^^^^^^^^^^^^^^^^^^^^^^^^^^
  File "WORKSPACE\extras\der-checkouts\vs2-rules\src\semantic_reviewer\application\selections.py", line 214, in freeze
    interpretation = IssueInterpretation.model_validate_json(
                     ^^^^^^^^^^^^^^^^^^^^^^^^^^^^^^^^^^^^^^^^
  File "WORKSPACE\extras\der-checkouts\vs2-rules\.venv\Lib\site-packages\pydantic\main.py", line 782, in model_validate_json
    return cls.__pydantic_validator__.validate_json(
           ^^^^^^^^^^^^^^^^^^^^^^^^^^^^^^^^^^^^^^^^^
pydantic_core._pydantic_core.ValidationError: 1 validation error for IssueInterpretation
  Value error, An actionable concern needs source evidence. [type=value_error, input_value={'actionable_engineering_....', 'scope': 'function'}, input_type=dict]
    For further information visit https://errors.pydantic.dev/2.13/v/value_error
