Running: ruff format --check .
91 files already formatted
Running: ruff check .
All checks passed!
Running: lint-imports --no-cache
=============
Import Linter
=============


---------
Contracts
---------

Analyzed 96 files, 408 dependencies.
------------------------------------

Domain and routing remain independent KEPT
Core logic does not depend on application or adapters KEPT
Application owns contracts rather than concrete adapters KEPT
Web cannot access concrete persistence or composition KEPT
Worker and shared composition cannot pull in the web KEPT

Contracts: 5 kept, 0 broken.
Running: tach check
[OK] All modules validated!
Running: WORKSPACE\extras\der-checkouts\vs2-interaction\.venv\Scripts\python.exe -m unittest discover -s tests -p test_*.py
WORKSPACE\extras\der-checkouts\vs2-interaction\.venv\Lib\site-packages\fastapi\testclient.py:1: StarletteDeprecationWarning: Using `httpx` with `starlette.testclient` is deprecated; install `httpx2` instead.
  from starlette.testclient import TestClient as TestClient  # noqa
WORKSPACE\extras\der-checkouts\vs2-interaction\.venv\Lib\site-packages\yoyo\backends\base.py:411: DeprecationWarning: The default datetime adapter is deprecated as of Python 3.12; see the sqlite3 documentation for suggested replacement recipes
  cursor.execute(sql, queryparams)
...................F........................................................................................................................................................
======================================================================
FAIL: test_newline_normalisation_but_lock_or_template_changes_affect_fingerprint (test_architecture_view.ArchitectureViewTest.test_newline_normalisation_but_lock_or_template_changes_affect_fingerprint)
----------------------------------------------------------------------
Traceback (most recent call last):
  File "WORKSPACE\extras\der-checkouts\vs2-interaction\tests\test_architecture_view.py", line 79, in test_newline_normalisation_but_lock_or_template_changes_affect_fingerprint
    self.assertFalse(self.view.read()["stale"])
AssertionError: True is not false

----------------------------------------------------------------------
Ran 172 tests in 76.032s

FAILED (failures=1)
