Running: ruff format --check .
36 files already formatted
Running: ruff check .
All checks passed!
Running: lint-imports --no-cache
=============
Import Linter
=============


---------
Contracts
---------

Analyzed 49 files, 95 dependencies.
-----------------------------------

Domain and routing remain independent KEPT
Core logic does not depend on application or adapters KEPT
Application owns contracts rather than concrete adapters KEPT
Web cannot access concrete persistence or composition KEPT
Worker and shared composition cannot pull in the web KEPT

Contracts: 5 kept, 0 broken.
Running: tach check
[OK] All modules validated!
Running: $WORKSPACE\extras\der-checkouts\vs1-normalisation\.venv\Scripts\python.exe -m unittest discover -s tests -p test_*.py
$WORKSPACE\extras\der-checkouts\vs1-normalisation\.venv\Lib\site-packages\fastapi\testclient.py:1: StarletteDeprecationWarning: Using `httpx` with `starlette.testclient` is deprecated; install `httpx2` instead.
  from starlette.testclient import TestClient as TestClient  # noqa
....$WORKSPACE\extras\der-checkouts\vs1-normalisation\.venv\Lib\site-packages\yoyo\backends\base.py:411: DeprecationWarning: The default datetime adapter is deprecated as of Python 3.12; see the sqlite3 documentation for suggested replacement recipes
  cursor.execute(sql, queryparams)
...................F..............................
======================================================================
FAIL: test_provider_failure_is_not_semantic_failure_or_framework_failure (test_normalisation.WorkflowTest.test_provider_failure_is_not_semantic_failure_or_framework_failure)
----------------------------------------------------------------------
Traceback (most recent call last):
  File "$WORKSPACE\extras\der-checkouts\vs1-normalisation\tests\test_normalisation.py", line 93, in test_provider_failure_is_not_semantic_failure_or_framework_failure
    self.assertEqual(result.measurement.outcome, "provider_failure")
AssertionError: 'deterministic_failure' != 'provider_failure'
- deterministic_failure
+ provider_failure


----------------------------------------------------------------------
Ran 54 tests in 11.292s

FAILED (failures=1)
