WORKSPACE\extras\der-checkouts\vs2-comparison-check-r2-p5\.venv\Lib\site-packages\fastapi\testclient.py:1: StarletteDeprecationWarning: Using `httpx` with `starlette.testclient` is deprecated; install `httpx2` instead.
  from starlette.testclient import TestClient as TestClient  # noqa
test_actions_persist_immediately_and_progress_survives_new_app (test_annotation_web.AnnotationWebTest.test_actions_persist_immediately_and_progress_survives_new_app) ... ok
test_invalid_edit_preserves_draft_and_escapes_model_and_human_text (test_annotation_web.AnnotationWebTest.test_invalid_edit_preserves_draft_and_escapes_model_and_human_text) ... ok
test_rejects_cross_origin_oversized_duplicate_and_invalid_forms (test_annotation_web.AnnotationWebTest.test_rejects_cross_origin_oversized_duplicate_and_invalid_forms) ... ok
test_synchronous_storage_runs_outside_the_asgi_event_loop (test_annotation_web.AnnotationWebTest.test_synchronous_storage_runs_outside_the_asgi_event_loop) ... ok
test_annotation_uses_only_the_declared_job_reader_contract (test_annotations.AnnotationsTest.test_annotation_uses_only_the_declared_job_reader_contract) ... ok
test_concurrent_identical_submission_is_one_decision_and_event_after_restart (test_annotations.AnnotationsTest.test_concurrent_identical_submission_is_one_decision_and_event_after_restart) ... ok
test_edit_preserves_model_result_and_checks_source_evidence (test_annotations.AnnotationsTest.test_edit_preserves_model_result_and_checks_source_evidence) ... ok
test_event_failure_rolls_back_the_annotation (test_annotations.AnnotationsTest.test_event_failure_rolls_back_the_annotation) ... ok
test_progress_distinguishes_runs_from_sources_and_reject_is_reviewed (test_annotations.AnnotationsTest.test_progress_distinguishes_runs_from_sources_and_reject_is_reviewed) ... ok
test_progress_uses_one_snapshot_while_new_decisions_commit (test_annotations.AnnotationsTest.test_progress_uses_one_snapshot_while_new_decisions_commit) ... ok
test_reject_nonterminal_invalid_or_corrupt_submissions_without_event (test_annotations.AnnotationsTest.test_reject_nonterminal_invalid_or_corrupt_submissions_without_event) ... ok
test_domain_cannot_import_adapters (test_architecture_contracts.ArchitectureContractsTest.test_domain_cannot_import_adapters) ... ok
test_web_cannot_access_sqlite_directly (test_architecture_contracts.ArchitectureContractsTest.test_web_cannot_access_sqlite_directly) ... ok
test_worker_cannot_reach_web_through_shared_composition (test_architecture_contracts.ArchitectureContractsTest.test_worker_cannot_reach_web_through_shared_composition) ... ok
test_contract_changes_are_visible_without_dependency_changes (test_architecture_snapshot.ArchitectureSnapshotTest.test_contract_changes_are_visible_without_dependency_changes) ... ok
test_snapshot_exposes_contracts_and_adapter_edges (test_architecture_snapshot.ArchitectureSnapshotTest.test_snapshot_exposes_contracts_and_adapter_edges) ... ok
test_browser_labels_missing_fresh_and_stale_views (test_architecture_view.ArchitectureViewTest.test_browser_labels_missing_fresh_and_stale_views) ... ok
test_corrupt_projection_and_incorrect_delta_are_not_presented (test_architecture_view.ArchitectureViewTest.test_corrupt_projection_and_incorrect_delta_are_not_presented) ... ok
test_exact_pair_and_behaviour_only_change_have_distinct_freshness (test_architecture_view.ArchitectureViewTest.test_exact_pair_and_behaviour_only_change_have_distinct_freshness) ... ok
test_newline_normalisation_but_lock_or_template_changes_affect_fingerprint (test_architecture_view.ArchitectureViewTest.test_newline_normalisation_but_lock_or_template_changes_affect_fingerprint) ... ok
test_catalogue_conflicts_are_explicit_and_failed_edits_leave_only_orphan_files (test_artefacts.ArtefactsTest.test_catalogue_conflicts_are_explicit_and_failed_edits_leave_only_orphan_files) ... ok
test_existing_results_and_new_edits_gain_verified_metadata (test_artefacts.ArtefactsTest.test_existing_results_and_new_edits_gain_verified_metadata) ... ok
test_log_disk_failure_does_not_misrepresent_a_committed_transition (test_artefacts.ArtefactsTest.test_log_disk_failure_does_not_misrepresent_a_committed_transition) ... ok
test_logs_derive_from_committed_events_and_remain_regenerable (test_artefacts.ArtefactsTest.test_logs_derive_from_committed_events_and_remain_regenerable) ... ok
test_old_log_export_cannot_move_latest_pointer_backwards (test_artefacts.ArtefactsTest.test_old_log_export_cannot_move_latest_pointer_backwards) ... ok
test_old_result_corruption_is_not_indexed (test_artefacts.ArtefactsTest.test_old_result_corruption_is_not_indexed) ... ok
test_payload_keys_do_not_select_catalogue_kind_or_owner (test_artefacts.ArtefactsTest.test_payload_keys_do_not_select_catalogue_kind_or_owner) ... ok
test_baseline_retry_requires_failed_predecessor_and_keeps_original (test_comparison.ComparisonTest.test_baseline_retry_requires_failed_predecessor_and_keeps_original) ... ok
test_changed_baseline_text_or_membership_fails (test_comparison.ComparisonTest.test_changed_baseline_text_or_membership_fails) ... ok
test_clustering_retry_reuses_embedding_and_counts_its_time_once (test_comparison.ComparisonTest.test_clustering_retry_reuses_embedding_and_counts_its_time_once) ... ok
test_exact_inputs_outputs_and_provenance (test_comparison.ComparisonTest.test_exact_inputs_outputs_and_provenance) ... ok
test_execution_budget_excludes_queue_time (test_comparison.ComparisonTest.test_execution_budget_excludes_queue_time) ... ok
test_failure_preserved_without_inventing_partition (test_comparison.ComparisonTest.test_failure_preserved_without_inventing_partition) ... ok
test_missing_timestamps_fail_instead_of_using_queue_turnaround (test_comparison.ComparisonTest.test_missing_timestamps_fail_instead_of_using_queue_turnaround) ... ok
test_profile_mismatch_and_success_rerun_fail (test_comparison.ComparisonTest.test_profile_mismatch_and_success_rerun_fail) ... ok
test_valid_membership_file_with_wrong_groups_is_rejected (test_comparison.ComparisonTest.test_valid_membership_file_with_wrong_groups_is_rejected) ... ok
test_valid_parquet_with_changed_text_is_not_same_input (test_comparison.ComparisonTest.test_valid_parquet_with_changed_text_is_not_same_input) ... ok
test_wrong_parameters_and_unfinished_runs_fail (test_comparison.ComparisonTest.test_wrong_parameters_and_unfinished_runs_fail) ... ok
test_checksum_failure_leaves_registry_empty (test_datasets.DatasetTest.test_checksum_failure_leaves_registry_empty) ... ok
test_concurrent_registration_appends_one_event (test_datasets.DatasetTest.test_concurrent_registration_appends_one_event) ... ok
test_conflicting_identity_is_rejected (test_datasets.DatasetTest.test_conflicting_identity_is_rejected) ... ok
test_corrupt_parquet_fails_closed (test_datasets.DatasetTest.test_corrupt_parquet_fails_closed) ... ok
test_download_checksum_failure_does_not_publish (test_datasets.DatasetTest.test_download_checksum_failure_does_not_publish) ... ok
test_events_cannot_be_changed_or_deleted (test_datasets.DatasetTest.test_events_cannot_be_changed_or_deleted) ... ok
test_registration_and_event_are_one_transaction (test_datasets.DatasetTest.test_registration_and_event_are_one_transaction) ... ok
test_round_trip_idempotence_restart_and_pagination (test_datasets.DatasetTest.test_round_trip_idempotence_restart_and_pagination) ... ok
test_runtime_data_must_stay_outside_worktrees (test_datasets.DatasetTest.test_runtime_data_must_stay_outside_worktrees) ... ok
test_schema_validation_preserves_repeated_source_comments (test_datasets.DatasetTest.test_schema_validation_preserves_repeated_source_comments) ... ok
test_web_escapes_source_text_and_bounds_queries (test_datasets.DatasetTest.test_web_escapes_source_text_and_bounds_queries) ... ok
test_atomic_event_failure_rolls_back_and_claims_are_exclusive (test_discovery.DiscoveryTest.test_atomic_event_failure_rolls_back_and_claims_are_exclusive) ... ok
test_bad_runtime_vectors_are_semantic_failures_before_usage_is_completed (test_discovery.DiscoveryTest.test_bad_runtime_vectors_are_semantic_failures_before_usage_is_completed) ... ok
test_browser_submits_only_same_origin_and_shows_verified_groups (test_discovery.DiscoveryTest.test_browser_submits_only_same_origin_and_shows_verified_groups) ... ok
test_clustering_replay_preserves_membership_and_terminal_state (test_discovery.DiscoveryTest.test_clustering_replay_preserves_membership_and_terminal_state) ... ok
test_corrupt_selection_fails_before_model_and_corrupt_vectors_before_clustering (test_discovery.DiscoveryTest.test_corrupt_selection_fails_before_model_and_corrupt_vectors_before_clustering) ... ok
test_embedding_browser_preserves_same_origin_submission_boundary (test_discovery.DiscoveryTest.test_embedding_browser_preserves_same_origin_submission_boundary) ... ok
test_end_to_end_maf_vectors_restart_and_denominators (test_discovery.DiscoveryTest.test_end_to_end_maf_vectors_restart_and_denominators) ... ok
test_failed_embedding_cannot_supply_clustering (test_discovery.DiscoveryTest.test_failed_embedding_cannot_supply_clustering) ... ok
test_local_only_route_refuses_remote_embedding_without_a_model_call (test_discovery.DiscoveryTest.test_local_only_route_refuses_remote_embedding_without_a_model_call) ... ok
test_orphan_publication_does_not_make_a_job_successful_after_event_failure (test_discovery.DiscoveryTest.test_orphan_publication_does_not_make_a_job_successful_after_event_failure) ... ok
test_prior_request_manifests_remain_readable_without_new_optional_fields (test_discovery.DiscoveryTest.test_prior_request_manifests_remain_readable_without_new_optional_fields) ... ok
test_provider_failure_is_terminal_without_automatic_replay (test_discovery.DiscoveryTest.test_provider_failure_is_terminal_without_automatic_replay) ... ok
test_request_manifest_disagreement_fails_closed (test_discovery.DiscoveryTest.test_request_manifest_disagreement_fails_closed) ... ok
test_vector_checksum_fails_before_clustering (test_discovery.DiscoveryTest.test_vector_checksum_fails_before_clustering) ... ok
test_shape_finiteness_zero_norm_and_outliers (test_discovery.VectorTest.test_shape_finiteness_zero_norm_and_outliers) ... ok
test_invalid_vectors_do_not_become_provider_success (test_embeddings.EmbeddingAdapterTest.test_invalid_vectors_do_not_become_provider_success) ... ok
test_local_pinned_model_and_actual_token_bound_before_embeddings (test_embeddings.EmbeddingAdapterTest.test_local_pinned_model_and_actual_token_bound_before_embeddings) ... ok
test_real_maf_retains_model_outcome_and_framework_observation (test_embeddings.EmbeddingAdapterTest.test_real_maf_retains_model_outcome_and_framework_observation) ... ok
test_application_revalidates_schema_even_when_runtime_returns_constructed_objects (test_guidance.GuidanceTest.test_application_revalidates_schema_even_when_runtime_returns_constructed_objects) ... ok
test_browser_is_same_origin_and_identifies_historical_advice (test_guidance.GuidanceTest.test_browser_is_same_origin_and_identifies_historical_advice) ... ok
test_changed_submission_identity_and_invalid_targets_do_not_replace_original (test_guidance.GuidanceTest.test_changed_submission_identity_and_invalid_targets_do_not_replace_original) ... ok
test_corrupt_input_and_terminal_fencing_fail_without_model_calls (test_guidance.GuidanceTest.test_corrupt_input_and_terminal_fencing_fail_without_model_calls) ... ok
test_exact_context_is_frozen_and_response_does_not_apply_human_decisions (test_guidance.GuidanceTest.test_exact_context_is_frozen_and_response_does_not_apply_human_decisions) ... ok
test_interrupted_response_publication_becomes_unknown_without_replay (test_guidance.GuidanceTest.test_interrupted_response_publication_becomes_unknown_without_replay) ... ok
test_invalid_or_invented_output_retains_raw_trace_and_provider_failure_is_distinct (test_guidance.GuidanceTest.test_invalid_or_invented_output_retains_raw_trace_and_provider_failure_is_distinct) ... ok
test_oversized_selected_discussion_is_not_silently_truncated (test_guidance.GuidanceTest.test_oversized_selected_discussion_is_not_silently_truncated) ... ok
test_stale_or_cross_version_discussion_fails_before_queueing (test_guidance.GuidanceTest.test_stale_or_cross_version_discussion_fails_before_queueing) ... ok
test_worker_lock_precedes_guidance_recovery (test_guidance.GuidanceTest.test_worker_lock_precedes_guidance_recovery) ... ok
test_browser_save_apply_conflict_and_discussion_preserve_intent (test_interaction.InteractionTest.test_browser_save_apply_conflict_and_discussion_preserve_intent) ... ok
test_concurrent_drafts_cannot_both_apply_and_loser_remains_saved (test_interaction.InteractionTest.test_concurrent_drafts_cannot_both_apply_and_loser_remains_saved) ... ok
test_discussion_retries_and_historical_version_never_move_the_message (test_interaction.InteractionTest.test_discussion_retries_and_historical_version_never_move_the_message) ... ok
test_draft_revision_conflict_and_corrupt_payload_do_not_apply (test_interaction.InteractionTest.test_draft_revision_conflict_and_corrupt_payload_do_not_apply) ... ok
test_draft_survives_restart_without_applying_and_retry_applies_once (test_interaction.InteractionTest.test_draft_survives_restart_without_applying_and_retry_applies_once) ... ok
test_event_failure_rolls_back_batch_and_restart_keeps_saved_intent (test_interaction.InteractionTest.test_event_failure_rolls_back_batch_and_restart_keeps_saved_intent) ... ok
test_later_target_conflict_rolls_back_every_decision_and_retains_draft (test_interaction.InteractionTest.test_later_target_conflict_rolls_back_every_decision_and_retains_draft) ... ok
test_lifecycle_requires_explicit_reopen_and_retains_prior_answers (test_interaction.InteractionTest.test_lifecycle_requires_explicit_reopen_and_retains_prior_answers) ... ok
test_cross_origin_missing_origin_and_rebound_host_cannot_submit (test_job_web.JobWebTest.test_cross_origin_missing_origin_and_rebound_host_cannot_submit) ... ok
test_failed_result_is_inspectable_and_source_text_is_escaped (test_job_web.JobWebTest.test_failed_result_is_inspectable_and_source_text_is_escaped) ... ok
test_host_rebinding_cannot_read_sources_jobs_or_results (test_job_web.JobWebTest.test_host_rebinding_cannot_read_sources_jobs_or_results) ... ok
test_submit_returns_queue_redirect_and_never_invokes_model (test_job_web.JobWebTest.test_submit_returns_queue_redirect_and_never_invokes_model) ... ok
test_concurrent_claim_restart_and_old_worker_fencing (test_jobs.JobsTest.test_concurrent_claim_restart_and_old_worker_fencing) ... ok
test_failures_retain_prompt_usage_and_framework_observation (test_jobs.JobsTest.test_failures_retain_prompt_usage_and_framework_observation) ... ok
test_invalid_completion_cannot_create_success_or_event (test_jobs.JobsTest.test_invalid_completion_cannot_create_success_or_event) ... ok
test_maf_job_persists_provenance_usage_framework_and_events_across_restart (test_jobs.JobsTest.test_maf_job_persists_provenance_usage_framework_and_events_across_restart) ... ok
test_os_lock_blocks_second_process_and_releases_after_exit (test_jobs.JobsTest.test_os_lock_blocks_second_process_and_releases_after_exit) ... ok
test_process_death_releases_lock_and_recovery_does_not_requeue (test_jobs.JobsTest.test_process_death_releases_lock_and_recovery_does_not_requeue) ... ok
test_publication_and_final_write_failure_preserve_uncertain_work_without_replay (test_jobs.JobsTest.test_publication_and_final_write_failure_preserve_uncertain_work_without_replay) ... ok
test_queue_rejects_unknown_source_without_partial_job (test_jobs.JobsTest.test_queue_rejects_unknown_source_without_partial_job) ... ok
test_refused_route_fails_job_without_calling_model (test_jobs.JobsTest.test_refused_route_fails_job_without_calling_model) ... ok
test_result_publication_is_immutable_and_detects_tampering (test_jobs.JobsTest.test_result_publication_is_immutable_and_detects_tampering) ... ok
test_source_lookup_does_not_require_application_pagination (test_jobs.JobsTest.test_source_lookup_does_not_require_application_pagination) ... ok
test_staleness_is_inspection_only_and_never_retries (test_jobs.JobsTest.test_staleness_is_inspection_only_and_never_retries) ... ok
test_worker_cannot_recover_or_claim_without_exclusive_lock (test_jobs.JobsTest.test_worker_cannot_recover_or_claim_without_exclusive_lock) ... ok
test_context_refusal_happens_before_generation (test_llama.LlamaTest.test_context_refusal_happens_before_generation) ... ok
test_continuous_trickle_and_exhausted_preflight_share_deadline (test_llama.LlamaTest.test_continuous_trickle_and_exhausted_preflight_share_deadline) ... ok
test_eof_after_deadline_cannot_turn_a_final_record_into_success (test_llama.LlamaTest.test_eof_after_deadline_cannot_turn_a_final_record_into_success) ... ok
test_model_controls_are_adapter_owned_and_retained_in_provenance (test_llama.LlamaTest.test_model_controls_are_adapter_owned_and_retained_in_provenance) ... ok
test_only_literal_loopback_without_credentials_or_redirects (test_llama.LlamaTest.test_only_literal_loopback_without_credentials_or_redirects) ... ok
test_rate_limit_and_redirect_are_provider_failures_without_escalation (test_llama.LlamaTest.test_rate_limit_and_redirect_are_provider_failures_without_escalation) ... ok
test_remote_decision_never_contacts_provider (test_llama.LlamaTest.test_remote_decision_never_contacts_provider) ... ok
test_stream_retains_usage_prompt_version_and_observed_first_token (test_llama.LlamaTest.test_stream_retains_usage_prompt_version_and_observed_first_token) ... ok
test_trickling_preflight_cannot_hold_worker_past_deadline (test_llama.LlamaTest.test_trickling_preflight_cannot_hold_worker_past_deadline) ... ok
test_unterminated_stream_is_bounded_before_line_parsing (test_llama.LlamaTest.test_unterminated_stream_is_bounded_before_line_parsing) ... ok
test_wrong_model_truncation_and_invalid_telemetry_are_not_success (test_llama.LlamaTest.test_wrong_model_truncation_and_invalid_telemetry_are_not_success) ... ok
test_framework_boundary_records_runtime_failure (test_normalisation.WorkflowTest.test_framework_boundary_records_runtime_failure) ... ok
test_invalid_schema_or_invented_or_ambiguous_evidence_is_semantic_failure (test_normalisation.WorkflowTest.test_invalid_schema_or_invented_or_ambiguous_evidence_is_semantic_failure) ... ok
test_outcomes_reject_contradictory_success_and_failure (test_normalisation.WorkflowTest.test_outcomes_reject_contradictory_success_and_failure) ... ok
test_provider_failure_is_not_semantic_failure_or_framework_failure (test_normalisation.WorkflowTest.test_provider_failure_is_not_semantic_failure_or_framework_failure) ... ok
test_real_graph_preserves_source_and_usage_and_derives_character_spans (test_normalisation.WorkflowTest.test_real_graph_preserves_source_and_usage_and_derives_character_spans) ... ok
test_untrusted_source_remains_data_and_source_labels_are_excluded (test_normalisation.WorkflowTest.test_untrusted_source_remains_data_and_source_labels_are_excluded) ... ok
test_idempotent_reference_and_tamper_detection_without_readiness_inference (test_review_references.ReviewReferencesTest.test_idempotent_reference_and_tamper_detection_without_readiness_inference) ... ok
test_later_explicit_event_is_visible_but_not_an_owner_approval (test_review_references.ReviewReferencesTest.test_later_explicit_event_is_visible_but_not_an_owner_approval) ... ok
test_rejects_wrong_round_source_heads_unbounded_input_and_git_worktree (test_review_references.ReviewReferencesTest.test_rejects_wrong_round_source_heads_unbounded_input_and_git_worktree) ... ok
test_handoff_reserves_all_context_fields_and_rejects_raw_transcript_field (test_routing_continuity.ContinuityTest.test_handoff_reserves_all_context_fields_and_rejects_raw_transcript_field) ... ok
test_transition_preserves_both_versions_and_requires_an_actual_change (test_routing_continuity.ContinuityTest.test_transition_preserves_both_versions_and_requires_an_actual_change) ... ok
test_cli_preview_record_inspect_and_refusal (test_routing_journal.JournalTest.test_cli_preview_record_inspect_and_refusal) ... ok
test_concurrent_completion_retries_return_one_identity_and_event (test_routing_journal.JournalTest.test_concurrent_completion_retries_return_one_identity_and_event) ... ok
test_conflicting_versions_and_completions_leave_existing_records_intact (test_routing_journal.JournalTest.test_conflicting_versions_and_completions_leave_existing_records_intact) ... ok
test_empty_export_has_queryable_schema (test_routing_journal.JournalTest.test_empty_export_has_queryable_schema) ... ok
test_event_failure_rolls_back_decision_and_versions (test_routing_journal.JournalTest.test_event_failure_rolls_back_decision_and_versions) ... ok
test_export_retains_nulls_failures_and_versions_without_overwrite (test_routing_journal.JournalTest.test_export_retains_nulls_failures_and_versions_without_overwrite) ... ok
test_historical_prices_are_exported_and_identity_reuse_is_rejected (test_routing_journal.JournalTest.test_historical_prices_are_exported_and_identity_reuse_is_rejected) ... ok
test_refusal_is_recorded_but_cannot_acquire_usage (test_routing_journal.JournalTest.test_refusal_is_recorded_but_cannot_acquire_usage) ... ok
test_restart_idempotence_and_append_only_events (test_routing_journal.JournalTest.test_restart_idempotence_and_append_only_events) ... ok
test_upgrade_preserves_dataset_events_and_subject_integrity (test_routing_journal.JournalTest.test_upgrade_preserves_dataset_events_and_subject_integrity) ... ok
test_capability_context_family_and_model_lifecycle_are_hard_constraints (test_routing_selection.RoutingTest.test_capability_context_family_and_model_lifecycle_are_hard_constraints) ... ok
test_context_strategy_limits_inputs_and_reserves_output (test_routing_selection.RoutingTest.test_context_strategy_limits_inputs_and_reserves_output) ... ok
test_counts_and_unknown_privacy_are_strict (test_routing_selection.RoutingTest.test_counts_and_unknown_privacy_are_strict) ... ok
test_default_privacy_and_internal_input_reject_remote_primary (test_routing_selection.RoutingTest.test_default_privacy_and_internal_input_reject_remote_primary) ... ok
test_explicit_model_override_cannot_relax_privacy_or_silently_fallback (test_routing_selection.RoutingTest.test_explicit_model_override_cannot_relax_privacy_or_silently_fallback) ... ok
test_invalid_configuration_does_not_silently_use_defaults (test_routing_selection.RoutingTest.test_invalid_configuration_does_not_silently_use_defaults) ... ok
test_missing_task_and_unknown_model_produce_explained_refusals (test_routing_selection.RoutingTest.test_missing_task_and_unknown_model_produce_explained_refusals) ... ok
test_policy_precedence_and_unknown_override_fail_closed (test_routing_selection.RoutingTest.test_policy_precedence_and_unknown_override_fail_closed) ... ok
test_project_locality_cannot_be_overridden_by_public_task (test_routing_selection.RoutingTest.test_project_locality_cannot_be_overridden_by_public_task) ... ok
test_provider_failure_is_explained_without_semantic_escalation (test_routing_selection.RoutingTest.test_provider_failure_is_explained_without_semantic_escalation) ... ok
test_soft_budget_prefers_affordable_eligible_route_hard_budget_rejects_unknown (test_routing_selection.RoutingTest.test_soft_budget_prefers_affordable_eligible_route_hard_budget_rejects_unknown) ... ok
test_cached_and_reasoning_subsets_are_not_double_billed (test_routing_usage.UsageTest.test_cached_and_reasoning_subsets_are_not_double_billed) ... ok
test_invalid_observations_are_rejected (test_routing_usage.UsageTest.test_invalid_observations_are_rejected) ... ok
test_local_zero_api_spend_does_not_require_token_counts (test_routing_usage.UsageTest.test_local_zero_api_spend_does_not_require_token_counts) ... ok
test_price_version_must_be_effective_at_start (test_routing_usage.UsageTest.test_price_version_must_be_effective_at_start) ... ok
test_provider_failure_and_reported_spend_are_not_semantic_failure_or_estimates (test_routing_usage.UsageTest.test_provider_failure_and_reported_spend_are_not_semantic_failure_or_estimates) ... ok
test_refusal_cannot_be_misrepresented_as_model_execution (test_routing_usage.UsageTest.test_refusal_cannot_be_misrepresented_as_model_execution) ... ok
test_unknown_tokens_cache_and_rates_remain_unknown (test_routing_usage.UsageTest.test_unknown_tokens_cache_and_rates_remain_unknown) ... ok
test_concurrent_decisions_fence_one_winner_and_retry_is_idempotent (test_rules.RulesTest.test_concurrent_decisions_fence_one_winner_and_retry_is_idempotent) ... ok
test_corrupt_body_is_not_presented_as_a_verified_candidate (test_rules.RulesTest.test_corrupt_body_is_not_presented_as_a_verified_candidate) ... ok
test_event_failure_rolls_back_decision_and_restart_preserves_candidate (test_rules.RulesTest.test_event_failure_rolls_back_decision_and_restart_preserves_candidate) ... ok
test_invalid_revision_cannot_be_coerced_into_a_current_write (test_rules.RulesTest.test_invalid_revision_cannot_be_coerced_into_a_current_write) ... ok
test_invented_support_and_evidence_fail_before_registration (test_rules.RulesTest.test_invented_support_and_evidence_fail_before_registration) ... ok
test_old_rule_version_stays_readable_after_definition_changes (test_rules.RulesTest.test_old_rule_version_stays_readable_after_definition_changes) ... ok
test_revision_bound_retains_every_counterexample_without_partial_publication (test_rules.RulesTest.test_revision_bound_retains_every_counterexample_without_partial_publication) ... ok
test_revision_retains_counterexamples_but_does_not_inherit_verification (test_rules.RulesTest.test_revision_retains_counterexamples_but_does_not_inherit_verification) ... ok
test_rule_browser_labels_claims_and_preserves_stale_submission_values (test_rules.RulesTest.test_rule_browser_labels_claims_and_preserves_stale_submission_values) ... ok
test_wrong_model_trace_cannot_be_registered (test_rules.RulesTest.test_wrong_model_trace_cannot_be_registered) ... ok
test_restart_browses_frozen_source_exclusions_and_annotation_identity (test_selection_web.SelectionWebTest.test_restart_browses_frozen_source_exclusions_and_annotation_identity) ... ok
test_unknown_missing_and_corrupt_snapshot_are_distinct_failures (test_selection_web.SelectionWebTest.test_unknown_missing_and_corrupt_snapshot_are_distinct_failures) ... ok
test_body_limit_and_file_publication_failure_leave_no_registered_selection (test_selections.SelectionsTest.test_body_limit_and_file_publication_failure_leave_no_registered_selection) ... ok
test_changed_original_edit_or_source_fails_before_registration (test_selections.SelectionsTest.test_changed_original_edit_or_source_fails_before_registration) ... ok
test_cli_freezes_and_reads_the_same_snapshot (test_selections.SelectionsTest.test_cli_freezes_and_reads_the_same_snapshot) ... ok
test_concurrent_identical_freeze_is_one_event_and_changed_input_has_new_identity (test_selections.SelectionsTest.test_concurrent_identical_freeze_is_one_event_and_changed_input_has_new_identity) ... ok
test_conflicting_edit_metadata_is_not_accepted_as_an_effective_interpretation (test_selections.SelectionsTest.test_conflicting_edit_metadata_is_not_accepted_as_an_effective_interpretation) ... ok
test_corrupt_snapshot_read_and_retry_fail_closed_without_repair (test_selections.SelectionsTest.test_corrupt_snapshot_read_and_retry_fail_closed_without_repair) ... ok
test_duplicate_versions_missing_records_and_wrong_dataset_fail_without_publication (test_selections.SelectionsTest.test_duplicate_versions_missing_records_and_wrong_dataset_fail_without_publication) ... ok
test_effective_edit_source_identity_uncertainty_and_exclusions_survive_restart (test_selections.SelectionsTest.test_effective_edit_source_identity_uncertainty_and_exclusions_survive_restart) ... ok
test_event_failure_leaves_only_complete_orphan_then_retry_registers_once (test_selections.SelectionsTest.test_event_failure_leaves_only_complete_orphan_then_retry_registers_once) ... ok
test_only_declared_job_port_is_needed_and_source_pagination_does_not_leak (test_selections.SelectionsTest.test_only_declared_job_port_is_needed_and_source_pagination_does_not_leak) ... ok
test_research_attestation_is_explicit_and_holdouts_are_excluded (test_selections.SelectionsTest.test_research_attestation_is_explicit_and_holdouts_are_excluded) ... ok
test_coverage_loss_inclusive_boundary (test_study.StudyTest.test_coverage_loss_inclusive_boundary) ... ok
test_deterministic_masking_and_equal_budget (test_study.StudyTest.test_deterministic_masking_and_equal_budget) ... ok
test_duplicate_missing_unknown_and_wrong_representative_fail (test_study.StudyTest.test_duplicate_missing_unknown_and_wrong_representative_fail) ... ok
test_exact_thresholds_and_uncertain_denominator (test_study.StudyTest.test_exact_thresholds_and_uncertain_denominator) ... ok
test_failed_run_cannot_claim_partition_or_adoption (test_study.StudyTest.test_failed_run_cannot_claim_partition_or_adoption) ... ok
test_foreign_duplicate_and_purpose_mismatched_ratings_fail (test_study.StudyTest.test_foreign_duplicate_and_purpose_mismatched_ratings_fail) ... ok
test_identical_memberships_rated_once_even_with_reversed_order (test_study.StudyTest.test_identical_memberships_rated_once_even_with_reversed_order) ... ok
test_missing_is_incomplete_not_dropped (test_study.StudyTest.test_missing_is_incomplete_not_dropped) ... ok
test_no_undisclosed_or_successful_attempt_reruns (test_study.StudyTest.test_no_undisclosed_or_successful_attempt_reruns) ... ok
test_research_requires_exact_sample_size_and_repository_quota (test_study.StudyTest.test_research_requires_exact_sample_size_and_repository_quota) ... ok
test_resource_cap_and_retained_failed_retry (test_study.StudyTest.test_resource_cap_and_retained_failed_retry) ... ok
test_review_cap_reports_unassessed_groups (test_study.StudyTest.test_review_cap_reports_unassessed_groups) ... ok
test_too_few_groups_is_insufficient_even_if_all_are_coherent (test_study.StudyTest.test_too_few_groups_is_insufficient_even_if_all_are_coherent) ... ok
test_changed_or_untracked_implementation_cannot_claim_registered_code (test_study_cli.RegistrationTest.test_changed_or_untracked_implementation_cannot_claim_registered_code) ... ok
test_execution_before_registration_is_not_eligible (test_study_cli.RegistrationTest.test_execution_before_registration_is_not_eligible) ... ok
test_fixtures_do_not_claim_registration (test_study_cli.RegistrationTest.test_fixtures_do_not_claim_registration) ... ok
test_two_commit_registration_and_profile_binding (test_study_cli.RegistrationTest.test_two_commit_registration_and_profile_binding) ... ok
test_complete_fixture_flow_freezes_ratings_and_reports_insufficiency (test_study_cli.StudyCommandTest.test_complete_fixture_flow_freezes_ratings_and_reports_insufficiency) ... ok
test_below_threshold_and_no_stop_words (test_study_grouping.StudyGroupingTest.test_below_threshold_and_no_stop_words) ... ok
test_inclusive_threshold_transitivity_and_representative (test_study_grouping.StudyGroupingTest.test_inclusive_threshold_transitivity_and_representative) ... ok
test_invalid_inputs (test_study_grouping.StudyGroupingTest.test_invalid_inputs) ... ok
test_sets_casefold_ascii_empty_and_stable_tie (test_study_grouping.StudyGroupingTest.test_sets_casefold_ascii_empty_and_stable_tie) ... ok
test_shared_text_preserves_empty_line_and_category_order (test_study_grouping.StudyGroupingTest.test_shared_text_preserves_empty_line_and_category_order) ... ok
test_cli_preserves_prior_bytes_and_refuses_out_of_order_append (test_study_preparation.StudyPreparationTest.test_cli_preserves_prior_bytes_and_refuses_out_of_order_append) ... ok
test_deduplication_retains_lowest_original_index_and_exposure_precedes_sampling (test_study_preparation.StudyPreparationTest.test_deduplication_retains_lowest_original_index_and_exposure_precedes_sampling) ... ok
test_exact_target_stops_and_quota_does_not_silently_drop_attempts (test_study_preparation.StudyPreparationTest.test_exact_target_stops_and_quota_does_not_silently_drop_attempts) ... ok
test_failure_and_source_exclusions_stay_in_denominator (test_study_preparation.StudyPreparationTest.test_failure_and_source_exclusions_stay_in_denominator) ... ok
test_invalid_records_fail_instead_of_silently_reducing_pool (test_study_preparation.StudyPreparationTest.test_invalid_records_fail_instead_of_silently_reducing_pool) ... ok
test_order_and_explicit_human_source_and_job_evidence_are_required (test_study_preparation.StudyPreparationTest.test_order_and_explicit_human_source_and_job_evidence_are_required) ... ok
test_publication_rejects_application_worktree (test_study_preparation.StudyPreparationTest.test_publication_rejects_application_worktree) ... ok
test_reproducible_bounded_sample_accounts_for_every_source_without_text (test_study_preparation.StudyPreparationTest.test_reproducible_bounded_sample_accounts_for_every_source_without_text) ... ok
test_saved_records_are_complete_immutable_and_recomputed_on_read (test_study_preparation.StudyPreparationTest.test_saved_records_are_complete_immutable_and_recomputed_on_read) ... ok
test_context_overflow_and_missing_group_fail_before_provider_calls (test_synthesis.SynthesisTest.test_context_overflow_and_missing_group_fail_before_provider_calls) ... ok
test_full_routed_maf_proposal_retains_trace_and_weak_support (test_synthesis.SynthesisTest.test_full_routed_maf_proposal_retains_trace_and_weak_support) ... ok
test_insufficient_evidence_is_an_inspectable_success_without_an_invented_rule (test_synthesis.SynthesisTest.test_insufficient_evidence_is_an_inspectable_success_without_an_invented_rule) ... ok
test_invented_references_and_invalid_json_retain_raw_output_without_candidates (test_synthesis.SynthesisTest.test_invented_references_and_invalid_json_retain_raw_output_without_candidates) ... ok
test_live_telemetry_uses_routing_record_before_final_manifest (test_synthesis.SynthesisTest.test_live_telemetry_uses_routing_record_before_final_manifest) ... ok
test_provider_failure_is_not_semantic_failure_or_automatic_escalation (test_synthesis.SynthesisTest.test_provider_failure_is_not_semantic_failure_or_automatic_escalation) ... ok
test_published_candidate_survives_interruption_without_model_replay (test_synthesis.SynthesisTest.test_published_candidate_survives_interruption_without_model_replay) ... ok
test_all_three_decisions_survive_restart_with_source_usage_and_artefact_links (test_vs1_path.SlicePathTest.test_all_three_decisions_survive_restart_with_source_usage_and_artefact_links) ... ok

----------------------------------------------------------------------
Ran 215 tests in 323.645s

OK
