WORKSPACE\extras\der-checkouts\vs2-draft-repair\.venv\Lib\site-packages\fastapi\testclient.py:1: StarletteDeprecationWarning: Using `httpx` with `starlette.testclient` is deprecated; install `httpx2` instead.
  from starlette.testclient import TestClient as TestClient  # noqa
test_changed_or_untracked_implementation_cannot_claim_registered_code (test_study_cli.RegistrationTest.test_changed_or_untracked_implementation_cannot_claim_registered_code) ... ok
test_changed_or_untracked_implementation_cannot_claim_registered_code (test_study_cli.RegistrationTest.test_changed_or_untracked_implementation_cannot_claim_registered_code) ... ok
test_changed_or_untracked_implementation_cannot_claim_registered_code (test_study_cli.RegistrationTest.test_changed_or_untracked_implementation_cannot_claim_registered_code) ... ok
test_changed_or_untracked_implementation_cannot_claim_registered_code (test_study_cli.RegistrationTest.test_changed_or_untracked_implementation_cannot_claim_registered_code) ... ok
test_changed_or_untracked_implementation_cannot_claim_registered_code (test_study_cli.RegistrationTest.test_changed_or_untracked_implementation_cannot_claim_registered_code) ... ok
test_changed_or_untracked_implementation_cannot_claim_registered_code (test_study_cli.RegistrationTest.test_changed_or_untracked_implementation_cannot_claim_registered_code) ... ok
test_changed_or_untracked_implementation_cannot_claim_registered_code (test_study_cli.RegistrationTest.test_changed_or_untracked_implementation_cannot_claim_registered_code) ... ok
test_changed_or_untracked_implementation_cannot_claim_registered_code (test_study_cli.RegistrationTest.test_changed_or_untracked_implementation_cannot_claim_registered_code) ... ok
test_changed_or_untracked_implementation_cannot_claim_registered_code (test_study_cli.RegistrationTest.test_changed_or_untracked_implementation_cannot_claim_registered_code) ... ok
test_changed_or_untracked_implementation_cannot_claim_registered_code (test_study_cli.RegistrationTest.test_changed_or_untracked_implementation_cannot_claim_registered_code) ... ok
test_changed_or_untracked_implementation_cannot_claim_registered_code (test_study_cli.RegistrationTest.test_changed_or_untracked_implementation_cannot_claim_registered_code) ... ok
test_changed_or_untracked_implementation_cannot_claim_registered_code (test_study_cli.RegistrationTest.test_changed_or_untracked_implementation_cannot_claim_registered_code) ... ok
test_changed_or_untracked_implementation_cannot_claim_registered_code (test_study_cli.RegistrationTest.test_changed_or_untracked_implementation_cannot_claim_registered_code) ... ok
test_changed_or_untracked_implementation_cannot_claim_registered_code (test_study_cli.RegistrationTest.test_changed_or_untracked_implementation_cannot_claim_registered_code) ... ok
test_changed_or_untracked_implementation_cannot_claim_registered_code (test_study_cli.RegistrationTest.test_changed_or_untracked_implementation_cannot_claim_registered_code) ... ok
test_changed_or_untracked_implementation_cannot_claim_registered_code (test_study_cli.RegistrationTest.test_changed_or_untracked_implementation_cannot_claim_registered_code) ... ok
test_changed_or_untracked_implementation_cannot_claim_registered_code (test_study_cli.RegistrationTest.test_changed_or_untracked_implementation_cannot_claim_registered_code) ... ok
test_changed_or_untracked_implementation_cannot_claim_registered_code (test_study_cli.RegistrationTest.test_changed_or_untracked_implementation_cannot_claim_registered_code) ... ok
test_changed_or_untracked_implementation_cannot_claim_registered_code (test_study_cli.RegistrationTest.test_changed_or_untracked_implementation_cannot_claim_registered_code) ... ok
test_changed_or_untracked_implementation_cannot_claim_registered_code (test_study_cli.RegistrationTest.test_changed_or_untracked_implementation_cannot_claim_registered_code) ... ok
test_changed_or_untracked_implementation_cannot_claim_registered_code (test_study_cli.RegistrationTest.test_changed_or_untracked_implementation_cannot_claim_registered_code) ... ok
test_changed_or_untracked_implementation_cannot_claim_registered_code (test_study_cli.RegistrationTest.test_changed_or_untracked_implementation_cannot_claim_registered_code) ... ok
test_changed_or_untracked_implementation_cannot_claim_registered_code (test_study_cli.RegistrationTest.test_changed_or_untracked_implementation_cannot_claim_registered_code) ... ok
test_changed_or_untracked_implementation_cannot_claim_registered_code (test_study_cli.RegistrationTest.test_changed_or_untracked_implementation_cannot_claim_registered_code) ... ok
test_changed_or_untracked_implementation_cannot_claim_registered_code (test_study_cli.RegistrationTest.test_changed_or_untracked_implementation_cannot_claim_registered_code) ... ok
test_changed_or_untracked_implementation_cannot_claim_registered_code (test_study_cli.RegistrationTest.test_changed_or_untracked_implementation_cannot_claim_registered_code) ... ok
test_changed_or_untracked_implementation_cannot_claim_registered_code (test_study_cli.RegistrationTest.test_changed_or_untracked_implementation_cannot_claim_registered_code) ... ok
test_changed_or_untracked_implementation_cannot_claim_registered_code (test_study_cli.RegistrationTest.test_changed_or_untracked_implementation_cannot_claim_registered_code) ... ok
test_changed_or_untracked_implementation_cannot_claim_registered_code (test_study_cli.RegistrationTest.test_changed_or_untracked_implementation_cannot_claim_registered_code) ... ok
test_changed_or_untracked_implementation_cannot_claim_registered_code (test_study_cli.RegistrationTest.test_changed_or_untracked_implementation_cannot_claim_registered_code) ... ok
test_changed_or_untracked_implementation_cannot_claim_registered_code (test_study_cli.RegistrationTest.test_changed_or_untracked_implementation_cannot_claim_registered_code) ... ok
test_changed_or_untracked_implementation_cannot_claim_registered_code (test_study_cli.RegistrationTest.test_changed_or_untracked_implementation_cannot_claim_registered_code) ... ok
test_changed_or_untracked_implementation_cannot_claim_registered_code (test_study_cli.RegistrationTest.test_changed_or_untracked_implementation_cannot_claim_registered_code) ... ok
test_changed_or_untracked_implementation_cannot_claim_registered_code (test_study_cli.RegistrationTest.test_changed_or_untracked_implementation_cannot_claim_registered_code) ... ok
test_changed_or_untracked_implementation_cannot_claim_registered_code (test_study_cli.RegistrationTest.test_changed_or_untracked_implementation_cannot_claim_registered_code) ... ok
test_changed_or_untracked_implementation_cannot_claim_registered_code (test_study_cli.RegistrationTest.test_changed_or_untracked_implementation_cannot_claim_registered_code) ... ok
test_changed_or_untracked_implementation_cannot_claim_registered_code (test_study_cli.RegistrationTest.test_changed_or_untracked_implementation_cannot_claim_registered_code) ... ok
test_changed_or_untracked_implementation_cannot_claim_registered_code (test_study_cli.RegistrationTest.test_changed_or_untracked_implementation_cannot_claim_registered_code) ... ok
test_changed_or_untracked_implementation_cannot_claim_registered_code (test_study_cli.RegistrationTest.test_changed_or_untracked_implementation_cannot_claim_registered_code) ... ok
test_changed_or_untracked_implementation_cannot_claim_registered_code (test_study_cli.RegistrationTest.test_changed_or_untracked_implementation_cannot_claim_registered_code) ... ok

----------------------------------------------------------------------
Ran 40 tests in 65.687s

OK
